[    2969ms] ReferenceError: _w is not defined
    at https://www.bing.com/:4:3625
[    3867ms] ReferenceError: sj_be is not defined
    at Object.load (https://r.bing.com/rp/Poqo5QnuZ3-9VEWYANcgUDytn_8.br.js:1:385)
    at Object.u [as wireup] (https://www.bing.com/:6:144)
    at https://r.bing.com/rp/Poqo5QnuZ3-9VEWYANcgUDytn_8.br.js:1:353
    at https://r.bing.com/rp/Poqo5QnuZ3-9VEWYANcgUDytn_8.br.js:1:859
[    3867ms] ReferenceError: _w is not defined
    at https://r.bing.com/rp/IVoAJNgF-jTCcxKztJPpdO_ZbUc.br.js:1:270
    at https://r.bing.com/rp/IVoAJNgF-jTCcxKztJPpdO_ZbUc.br.js:1:6077
[   16058ms] [ERROR] Permissions policy violation: unload is not allowed in this document. @ https://assets.msn.com/bundles/v1/bingHomepage/latest/microsoft.4bc31b1b68950ccb.js:1
[   16058ms] [ERROR] Permissions policy violation: unload is not allowed in this document. @ https://assets.msn.com/bundles/v1/bingHomepage/latest/microsoft.4bc31b1b68950ccb.js:1
[   19487ms] [ERROR] {"id":20165,"severity":0,"pb":{"build":"20260917.104","appType":"bingHomepage","pcsVersion":"20260917.3","pcsEnv":"prod","buildAlias":"latest","shouldDelayUntilLoadTime":false,"shouldSampleErrorsForTreatement1":true,"customMessage":"Status: 204, StatusText: , request: {\"adRefreshVariant\":\"\",\"locale\":\"ja-jp\",\"rid\":\"3a3747d0864c4dd8e2133bc02c870126\",\"partnerId\":\"widgetfeed\",\"content\":{\"sourceUrl\":\"https://www.bing.com/\",\"pageType\":\"binghp\",\"previousReservedRiverNativeAdCount\":0,\"previousRiverDualWideNativeAdCount\":0,\"previousRiverHalfNativeAdCount\":0,\"previousRiverNativeAdCount\":0,\"verticalName\":null,\"isXfeed\":false,\"audienceMode\":\"adult\"},\"user\":{\"browserOptOut\":false,\"isAdblock\":false,\"gdpr\":false,\"muid\":\"3DAE018F64D86DCF0BD5165765146CAE\"},\"placements\":[{\"region\":\"infopane\",\"indices\":[5],\"img\":{\"w\":612,\"h\":304},\"isStrictIndices\":true,\"msan_kvs\":[\"{\\\"modelSignals\\\":{\\\"cardSize\\\":{\\\"w\\\":612,\\\"h\\\":304},\\\"pageRegion\\\":\\\"infopane\\\"},\\\"requestModelSignals\\\":{\\\"vpSize\\\":{\\\"w\\\":1280,\\\"h\\\":720},\\\"ocid\\\":\\\"BingHp01\\\"},\\\"device\\\":{\\\"pxratio\\\":1}}\"]},{\"region\":\"river\",\"indices\":[1,2],\"img\":{\"w\":300,\"h\":157},\"isStrictIndices\":true,\"msan_kvs\":[\"{\\\"modelSignals\\\":{\\\"cardSize\\\":{\\\"w\\\":300,\\\"h\\\":304},\\\"pageRegion\\\":\\\"river\\\"},\\\"requestModelSignals\\\":{\\\"vpSize\\\":{\\\"w\\\":1280,\\\"h\\\":720},\\\"ocid\\\":\\\"BingHp01\\\"},\\\"device\\\":{\\\"pxratio\\\":1}}\",\"{\\\"modelSignals\\\":{\\\"cardSize\\\":{\\\"w\\\":300,\\\"h\\\":304},\\\"pageRegion\\\":\\\"river\\\"},\\\"requestModelSignals\\\":{\\\"vpSize\\\":{\\\"w\\\":1280,\\\"h\\\":720},\\\"ocid\\\":\\\"BingHp01\\\"},\\\"device\\\":{\\\"pxratio\\\":1}}\"]},{\"region\":\"infopane-tab\",\"indices\":[1,2,3],\"isStrictIndices\":true,\"msan_kvs\":[\"{\\\"modelSignals\\\":{\\\"cardSize\\\":{\\\"w\\\":612,\\\"h\\\":304},\\\"pageRegion\\\":\\\"infopane\\\"},\\\"requestModelSignals\\\":{\\\"vpSize\\\":{\\\"w\\\":1280,\\\"h\\\":720},\\\"ocid\\\":\\\"BingHp01\\\"},\\\"device\\\":{\\\"pxratio\\\":1}}\",\"{\\\"modelSignals\\\":{\\\"cardSize\\\":{\\\"w\\\":612,\\\"h\\\":304},\\\"pageRegion\\\":\\\"infopane\\\"},\\\"requestModelSignals\\\":{\\\"vpSize\\\":{\\\"w\\\":1280,\\\"h\\\":720},\\\"ocid\\\":\\\"BingHp01\\\"},\\\"device\\\":{\\\"pxratio\\\":1}}\",\"{\\\"modelSignals\\\":{\\\"cardSize\\\":{\\\"w\\\":612,\\\"h\\\":304},\\\"pageRegion\\\":\\\"infopane\\\"},\\\"requestModelSignals\\\":{\\\"vpSize\\\":{\\\"w\\\":1280,\\\"h\\\":720},\\\"ocid\\\":\\\"BingHp01\\\"},\\\"device\\\":{\\\"pxratio\\\":1}}\"]}],\"extensions\":{\"taboola\":{\"sessionId\":\"init\"},\"impressedCrids\":[],\"msan_kv\":\"{\\\"page\\\":{\\\"type\\\":\\\"widgetfeed\\\"}}\"},\"isCookieWallPresent\":false,\"isPeregrine\":true,\"device\":{\"isMobile\":false}}","w":1},"message":"Get 204 error from SAMRTB Ajax"} @ https://assets.msn.com/bundles/v1/bingHomepage/latest/common.68b177524b372094.js:9799
[   19487ms] [ERROR] This App error Id: 20165 will not be sent due to app error sampling! @ https://assets.msn.com/bundles/v1/bingHomepage/latest/common.68b177524b372094.js:9799
[   19538ms] [ERROR] Failed to load resource: net::ERR_CONNECTION_CLOSED @ https://trc.taboola.com/sg/msn/1/cm?taboola_hm=3DAE018F64D86DCF0BD5165765146CAE&gdpr=0&gdpr_consent=:0
[   19774ms] [ERROR] Failed to load resource: net::ERR_CONNECTION_CLOSED @ https://trace.popin.cc/cs/msn?id=3DAE018F64D86DCF0BD5165765146CAE&gdpr=0&gdpr_consent=:0
[   19774ms] [ERROR] Failed to load resource: net::ERR_CONNECTION_CLOSED @ https://m.adnxs.com/mapuid?member=280&user=3DAE018F64D86DCF0BD5165765146CAE;&gdpr=0&gdpr_consent=&redir=https%3A%2F%2Fm.adnxs.com%2Fseg%3Fadd%3D5159620%26redir%3Dhttps%253A%252F%252Fib.adnxs.com%252Fsetuid%253Fentity%253D483%2526code%253D3DAE018F64D86DCF0BD5165765146CAE%2526gdpr%253D0%2526gdpr_consent%253D:0
[   20967ms] [ERROR] Failed to load resource: the server responded with a status of 401 () @ https://api.msn.com/msn/v0/pages/LiveRamp/getLiveRampId?apikey=QMmdky7jrTlM4mWJmMYQTi71lp678KyZJBKHCAyKCg&activityId=6aacf7b2-c851-4ae4-87d3-f248138a7dcc&ocid=peregrine&cm=ja-jp&it=web&scn=ANON:0
[   20969ms] [ERROR] Fri Sep 18 2026 16:35:07 GMT+0800 (中国标准时间): 1789720507943 {"id":20068,"severity":0,"pb":{"build":"20260917.104","appType":"bingHomepage","pcsVersion":"20260917.3","pcsEnv":"prod","buildAlias":"latest","shouldDelayUntilLoadTime":false,"shouldSampleErrorsForTreatement1":false,"debugId":"fba0ff4e-ff18-4e48-94e3-c425b18c48a6|2026-09-18T08:35:07.7908720Z|fabric_msn|KOC-A|News_1401","w":1},"message":"Unexpected response from OneService call. Status: 401"} @ https://assets.msn.com/bundles/v1/bingHomepage/latest/common.68b177524b372094.js:9799
[   22788ms] [VERBOSE] Rendering was performed in a subtree hidden by content-visibility. @ https://www.bing.com/search?q=pi+agent+%E5%AE%98%E7%BD%91&form=QBLH:8
[   22788ms] [VERBOSE] Rendering was performed in a subtree hidden by content-visibility. @ https://www.bing.com/search?q=pi+agent+%E5%AE%98%E7%BD%91&form=QBLH:8
[   22788ms] [VERBOSE] Rendering was performed in a subtree hidden by content-visibility. @ https://www.bing.com/search?q=pi+agent+%E5%AE%98%E7%BD%91&form=QBLH:8
[   22788ms] [VERBOSE] Rendering was performed in a subtree hidden by content-visibility. @ https://www.bing.com/search?q=pi+agent+%E5%AE%98%E7%BD%91&form=QBLH:8
[   22788ms] [VERBOSE] Rendering was performed in a subtree hidden by content-visibility. @ https://www.bing.com/search?q=pi+agent+%E5%AE%98%E7%BD%91&form=QBLH:8
